=== Deployment started 2026-03-23 16:15:50 ===
[16:15:50] STEP 1 - Type checking (TypeScript)
  FAIL: TypeScript errors detected. Fix them before deploying.
=== Deployment started 2026-03-23 16:16:44 ===
[16:16:44] STEP 1 - Type checking (TypeScript)
  WARN: Local type checking failed or skipped due to environment issues. Continuing to sync (production build will verify)...
[16:16:47] STEP 2 - GitHub synchronization
  OK: Changes committed: chore: auto-sync 2026-03-23 16:16
  WARN: Pushing to GitHub (main)...
  OK: Successfully pushed to GitHub.
[16:16:48] STEP 3 - User Authorization Required
[16:52:37] STEP 4 - Syncing files to VPS
  OK: Files synced via rsync.
[16:52:43] STEP 5 - Executing remote deploy script
  OK: Remote deployment complete and successful!
=== Deployment finished 2026-03-23 16:53:40 ===
=== Deployment started 2026-03-24 07:27:51 ===
[07:27:52] STEP 1 - Type checking (TypeScript)
  WARN: Local type checking failed or skipped due to environment issues. Continuing to sync (production build will verify)...
[07:27:54] STEP 2 - GitHub synchronization
  OK: Changes committed: chore: auto-sync 2026-03-24 07:27
  WARN: Pushing to GitHub (main)...
  OK: Successfully pushed to GitHub.
[07:27:56] STEP 3 - User Authorization Required
[07:28:03] STEP 4 - Syncing files to VPS
  OK: Files synced via rsync.
[07:28:05] STEP 5 - Executing remote deploy script
  OK: Remote deployment complete and successful!
=== Deployment finished 2026-03-24 07:29:21 ===
=== Deployment started 2026-03-24 11:23:29 ===
[11:23:29] STEP 1 - Type checking (TypeScript)
  WARN: Local type checking failed or skipped due to environment issues. Continuing to sync (production build will verify)...
[11:23:30] STEP 2 - GitHub synchronization
  OK: Changes committed: chore: auto-sync 2026-03-24 11:23
  WARN: Pushing to GitHub (main)...
  OK: Successfully pushed to GitHub.
[11:23:32] STEP 3 - User Authorization Required
[11:23:40] STEP 4 - Syncing files to VPS
  OK: Files synced via rsync.
[11:23:41] STEP 5 - Executing remote deploy script
  OK: Remote deployment complete and successful!
=== Deployment finished 2026-03-24 11:24:47 ===
=== Deployment started 2026-03-24 11:27:55 ===
[11:27:55] STEP 1 - Type checking (TypeScript)
  WARN: Local type checking failed or skipped due to environment issues. Continuing to sync (production build will verify)...
[11:27:56] STEP 2 - GitHub synchronization
